0 verbose cli /usr/local/bin/node /usr/local/bin/npm
1 info using npm@10.9.2
2 info using node@v22.16.0
3 silly config load:file:/usr/local/lib/node_modules/npm/npmrc
4 silly config load:file:/Users/macbook/projects/lumina/backend/.npmrc
5 silly config load:file:/Users/macbook/.npmrc
6 silly config load:file:/usr/local/etc/npmrc
7 verbose title npm install bcryptjs jsonwebtoken
8 verbose argv "install" "bcryptjs" "jsonwebtoken" "--cache" "./.npm-cache"
9 verbose logfile logs-max:10 dir:/Users/macbook/projects/lumina/backend/.npm-cache/_logs/2026-04-11T11_22_47_857Z-
10 verbose logfile /Users/macbook/projects/lumina/backend/.npm-cache/_logs/2026-04-11T11_22_47_857Z-debug-0.log
11 silly logfile done cleaning log files
12 silly packumentCache heap:2197815296 maxSize:549453824 maxEntrySize:274726912
13 silly idealTree buildDeps
14 silly fetch manifest bcryptjs@*
15 silly packumentCache full:https://registry.npmjs.org/bcryptjs cache-miss
16 verbose shrinkwrap failed to load node_modules/.package-lock.json out of date, updated: node_modules
17 http fetch GET 200 https://registry.npmjs.org/bcryptjs 127ms (cache miss)
18 silly packumentCache full:https://registry.npmjs.org/bcryptjs set size:undefined disposed:false
19 silly fetch manifest jsonwebtoken@*
20 silly packumentCache full:https://registry.npmjs.org/jsonwebtoken cache-miss
21 http fetch GET 200 https://registry.npmjs.org/npm 220ms
22 http fetch GET 200 https://registry.npmjs.org/jsonwebtoken 48ms (cache miss)
23 silly packumentCache full:https://registry.npmjs.org/jsonwebtoken set size:undefined disposed:false
24 silly placeDep ROOT bcryptjs@3.0.3 OK for: backend@1.0.0 want: *
25 silly placeDep ROOT jsonwebtoken@9.0.3 OK for: backend@1.0.0 want: *
26 silly fetch manifest jws@^4.0.1
27 silly packumentCache full:https://registry.npmjs.org/jws cache-miss
28 silly fetch manifest lodash.once@^4.0.0
29 silly packumentCache full:https://registry.npmjs.org/lodash.once cache-miss
30 silly fetch manifest lodash.includes@^4.3.0
31 silly packumentCache full:https://registry.npmjs.org/lodash.includes cache-miss
32 silly fetch manifest lodash.isnumber@^3.0.3
33 silly packumentCache full:https://registry.npmjs.org/lodash.isnumber cache-miss
34 silly fetch manifest lodash.isstring@^4.0.1
35 silly packumentCache full:https://registry.npmjs.org/lodash.isstring cache-miss
36 silly fetch manifest lodash.isboolean@^3.0.3
37 silly packumentCache full:https://registry.npmjs.org/lodash.isboolean cache-miss
38 silly fetch manifest lodash.isinteger@^4.0.4
39 silly packumentCache full:https://registry.npmjs.org/lodash.isinteger cache-miss
40 http fetch GET 200 https://registry.npmjs.org/jws 44ms (cache miss)
41 silly packumentCache full:https://registry.npmjs.org/jws set size:undefined disposed:false
42 silly fetch manifest lodash.isplainobject@^4.0.6
43 silly packumentCache full:https://registry.npmjs.org/lodash.isplainobject cache-miss
44 http fetch GET 200 https://registry.npmjs.org/lodash.once 49ms (cache miss)
45 silly packumentCache full:https://registry.npmjs.org/lodash.once set size:undefined disposed:false
46 http fetch GET 200 https://registry.npmjs.org/lodash.isplainobject 43ms (cache miss)
47 silly packumentCache full:https://registry.npmjs.org/lodash.isplainobject set size:undefined disposed:false
48 http fetch GET 200 https://registry.npmjs.org/lodash.isinteger 126ms (cache miss)
49 silly packumentCache full:https://registry.npmjs.org/lodash.isinteger set size:undefined disposed:false
50 http fetch GET 200 https://registry.npmjs.org/lodash.isboolean 127ms (cache miss)
51 silly packumentCache full:https://registry.npmjs.org/lodash.isboolean set size:undefined disposed:false
52 http fetch GET 200 https://registry.npmjs.org/lodash.isstring 128ms (cache miss)
53 silly packumentCache full:https://registry.npmjs.org/lodash.isstring set size:undefined disposed:false
54 http fetch GET 200 https://registry.npmjs.org/lodash.isnumber 129ms (cache miss)
55 silly packumentCache full:https://registry.npmjs.org/lodash.isnumber set size:undefined disposed:false
56 http fetch GET 200 https://registry.npmjs.org/lodash.includes 130ms (cache miss)
57 silly packumentCache full:https://registry.npmjs.org/lodash.includes set size:undefined disposed:false
58 silly placeDep ROOT jws@4.0.1 OK for: jsonwebtoken@9.0.3 want: ^4.0.1
59 silly placeDep ROOT lodash.includes@4.3.0 OK for: jsonwebtoken@9.0.3 want: ^4.3.0
60 silly placeDep ROOT lodash.isboolean@3.0.3 OK for: jsonwebtoken@9.0.3 want: ^3.0.3
61 silly placeDep ROOT lodash.isinteger@4.0.4 OK for: jsonwebtoken@9.0.3 want: ^4.0.4
62 silly placeDep ROOT lodash.isnumber@3.0.3 OK for: jsonwebtoken@9.0.3 want: ^3.0.3
63 silly placeDep ROOT lodash.isplainobject@4.0.6 OK for: jsonwebtoken@9.0.3 want: ^4.0.6
64 silly placeDep ROOT lodash.isstring@4.0.1 OK for: jsonwebtoken@9.0.3 want: ^4.0.1
65 silly placeDep ROOT lodash.once@4.1.1 OK for: jsonwebtoken@9.0.3 want: ^4.0.0
66 silly fetch manifest jwa@^2.0.1
67 silly packumentCache full:https://registry.npmjs.org/jwa cache-miss
68 silly fetch manifest safe-buffer@^5.0.1
69 silly packumentCache full:https://registry.npmjs.org/safe-buffer cache-miss
70 http fetch GET 200 https://registry.npmjs.org/safe-buffer 48ms (cache miss)
71 silly packumentCache full:https://registry.npmjs.org/safe-buffer set size:undefined disposed:false
72 http fetch GET 200 https://registry.npmjs.org/jwa 51ms (cache miss)
73 silly packumentCache full:https://registry.npmjs.org/jwa set size:undefined disposed:false
74 silly placeDep ROOT jwa@2.0.1 OK for: jws@4.0.1 want: ^2.0.1
75 silly placeDep ROOT safe-buffer@5.2.1 OK for: jws@4.0.1 want: ^5.0.1
76 silly fetch manifest ecdsa-sig-formatter@1.0.11
77 silly packumentCache full:https://registry.npmjs.org/ecdsa-sig-formatter cache-miss
78 silly fetch manifest buffer-equal-constant-time@^1.0.1
79 silly packumentCache full:https://registry.npmjs.org/buffer-equal-constant-time cache-miss
80 http fetch GET 200 https://registry.npmjs.org/buffer-equal-constant-time 40ms (cache miss)
81 silly packumentCache full:https://registry.npmjs.org/buffer-equal-constant-time set size:undefined disposed:false
82 http fetch GET 200 https://registry.npmjs.org/ecdsa-sig-formatter 45ms (cache miss)
83 silly packumentCache full:https://registry.npmjs.org/ecdsa-sig-formatter set size:undefined disposed:false
84 silly placeDep ROOT buffer-equal-constant-time@1.0.1 OK for: jwa@2.0.1 want: ^1.0.1
85 silly placeDep ROOT ecdsa-sig-formatter@1.0.11 OK for: jwa@2.0.1 want: 1.0.11
86 silly reify moves {}
87 silly audit bulk request {
87 silly audit   '@clack/core': [ '0.5.0' ],
87 silly audit   '@clack/prompts': [ '0.11.0' ],
87 silly audit   '@cspotcode/source-map-support': [ '0.8.1' ],
87 silly audit   '@electric-sql/pglite': [ '0.4.1' ],
87 silly audit   '@electric-sql/pglite-socket': [ '0.1.1' ],
87 silly audit   '@electric-sql/pglite-tools': [ '0.3.1' ],
87 silly audit   '@emnapi/core': [ '1.9.1' ],
87 silly audit   '@emnapi/runtime': [ '1.9.1' ],
87 silly audit   '@emnapi/wasi-threads': [ '1.2.0' ],
87 silly audit   '@hono/node-server': [ '1.19.11' ],
87 silly audit   '@jridgewell/resolve-uri': [ '3.1.2' ],
87 silly audit   '@jridgewell/sourcemap-codec': [ '1.5.5' ],
87 silly audit   '@jridgewell/trace-mapping': [ '0.3.9' ],
87 silly audit   '@kurkle/color': [ '0.3.4' ],
87 silly audit   '@napi-rs/wasm-runtime': [ '1.1.1' ],
87 silly audit   '@oxc-project/types': [ '0.122.0' ],
87 silly audit   '@prisma/adapter-pg': [ '7.6.0' ],
87 silly audit   '@prisma/client': [ '7.6.0' ],
87 silly audit   '@prisma/client-runtime-utils': [ '7.6.0' ],
87 silly audit   '@prisma/config': [ '7.6.0' ],
87 silly audit   '@prisma/debug': [ '7.6.0', '7.2.0' ],
87 silly audit   '@prisma/dev': [ '0.24.3' ],
87 silly audit   '@prisma/driver-adapter-utils': [ '7.6.0' ],
87 silly audit   '@prisma/engines': [ '7.6.0' ],
87 silly audit   '@prisma/engines-version': [ '7.6.0-1.75cbdc1eb7150937890ad5465d861175c6624711' ],
87 silly audit   '@prisma/get-platform': [ '7.6.0', '7.2.0' ],
87 silly audit   '@prisma/fetch-engine': [ '7.6.0' ],
87 silly audit   '@prisma/query-plan-executor': [ '7.2.0' ],
87 silly audit   '@prisma/streams-local': [ '0.1.2' ],
87 silly audit   '@prisma/studio-core': [ '0.27.3' ],
87 silly audit   '@radix-ui/primitive': [ '1.1.3' ],
87 silly audit   '@radix-ui/react-compose-refs': [ '1.1.2' ],
87 silly audit   '@radix-ui/react-primitive': [ '2.1.3' ],
87 silly audit   '@radix-ui/react-slot': [ '1.2.3' ],
87 silly audit   '@radix-ui/react-toggle': [ '1.1.10' ],
87 silly audit   '@radix-ui/react-use-controllable-state': [ '1.2.2' ],
87 silly audit   '@radix-ui/react-use-effect-event': [ '0.0.2' ],
87 silly audit   '@radix-ui/react-use-layout-effect': [ '1.1.1' ],
87 silly audit   '@rolldown/binding-android-arm64': [ '1.0.0-rc.12' ],
87 silly audit   '@rolldown/binding-darwin-arm64': [ '1.0.0-rc.12' ],
87 silly audit   '@rolldown/binding-darwin-x64': [ '1.0.0-rc.12' ],
87 silly audit   '@rolldown/binding-freebsd-x64': [ '1.0.0-rc.12' ],
87 silly audit   '@rolldown/binding-linux-arm-gnueabihf': [ '1.0.0-rc.12' ],
87 silly audit   '@rolldown/binding-linux-arm64-gnu': [ '1.0.0-rc.12' ],
87 silly audit   '@rolldown/binding-linux-arm64-musl': [ '1.0.0-rc.12' ],
87 silly audit   '@rolldown/binding-linux-ppc64-gnu': [ '1.0.0-rc.12' ],
87 silly audit   '@rolldown/binding-linux-s390x-gnu': [ '1.0.0-rc.12' ],
87 silly audit   '@rolldown/binding-linux-x64-gnu': [ '1.0.0-rc.12' ],
87 silly audit   '@rolldown/binding-linux-x64-musl': [ '1.0.0-rc.12' ],
87 silly audit   '@rolldown/binding-openharmony-arm64': [ '1.0.0-rc.12' ],
87 silly audit   '@rolldown/binding-wasm32-wasi': [ '1.0.0-rc.12' ],
87 silly audit   '@rolldown/binding-win32-arm64-msvc': [ '1.0.0-rc.12' ],
87 silly audit   '@rolldown/binding-win32-x64-msvc': [ '1.0.0-rc.12' ],
87 silly audit   '@rolldown/pluginutils': [ '1.0.0-rc.12' ],
87 silly audit   '@standard-schema/spec': [ '1.1.0' ],
87 silly audit   '@tsconfig/node10': [ '1.0.12' ],
87 silly audit   '@tsconfig/node12': [ '1.0.11' ],
87 silly audit   '@tsconfig/node14': [ '1.0.3' ],
87 silly audit   '@tsconfig/node16': [ '1.0.4' ],
87 silly audit   '@tybys/wasm-util': [ '0.10.1' ],
87 silly audit   '@types/body-parser': [ '1.19.6' ],
87 silly audit   '@types/chai': [ '5.2.3' ],
87 silly audit   '@types/connect': [ '3.4.38' ],
87 silly audit   '@types/cors': [ '2.8.19' ],
87 silly audit   '@types/deep-eql': [ '4.0.2' ],
87 silly audit   '@types/estree': [ '1.0.8' ],
87 silly audit   '@types/express': [ '5.0.6' ],
87 silly audit   '@types/express-serve-static-core': [ '5.1.1' ],
87 silly audit   '@types/http-errors': [ '2.0.5' ],
87 silly audit   '@types/node': [ '25.5.2' ],
87 silly audit   '@types/pg': [ '8.20.0' ],
87 silly audit   '@types/qs': [ '6.15.0' ],
87 silly audit   '@types/range-parser': [ '1.2.7' ],
87 silly audit   '@types/react': [ '19.2.14' ],
87 silly audit   '@types/sanitize-html': [ '2.16.1' ],
87 silly audit   '@types/send': [ '1.2.1' ],
87 silly audit   '@types/serve-static': [ '2.2.0' ],
87 silly audit   '@vitest/expect': [ '4.1.2' ],
87 silly audit   '@vitest/mocker': [ '4.1.2' ],
87 silly audit   '@vitest/pretty-format': [ '4.1.2' ],
87 silly audit   '@vitest/runner': [ '4.1.2' ],
87 silly audit   '@vitest/snapshot': [ '4.1.2' ],
87 silly audit   '@vitest/spy': [ '4.1.2' ],
87 silly audit   '@vitest/utils': [ '4.1.2' ],
87 silly audit   accepts: [ '2.0.0' ],
87 silly audit   acorn: [ '8.16.0' ],
87 silly audit   'acorn-walk': [ '8.3.5' ],
87 silly audit   ajv: [ '8.18.0' ],
87 silly audit   anymatch: [ '3.1.3' ],
87 silly audit   arg: [ '4.1.3' ],
87 silly audit   'assertion-error': [ '2.0.1' ],
87 silly audit   'aws-ssl-profiles': [ '1.1.2' ],
87 silly audit   'balanced-match': [ '4.0.4' ],
87 silly audit   'better-result': [ '2.7.0' ],
87 silly audit   'binary-extensions': [ '2.3.0' ],
87 silly audit   'body-parser': [ '2.2.2' ],
87 silly audit   'brace-expansion': [ '5.0.5' ],
87 silly audit   braces: [ '3.0.3' ],
87 silly audit   bytes: [ '3.1.2' ],
87 silly audit   c12: [ '3.1.0' ],
87 silly audit   chokidar: [ '4.0.3', '3.6.0' ],
87 silly audit   dotenv: [ '16.6.1', '17.4.1' ],
87 silly audit   readdirp: [ '4.1.2', '3.6.0' ],
87 silly audit   'call-bind-apply-helpers': [ '1.0.2' ],
87 silly audit   'call-bound': [ '1.0.4' ],
87 silly audit   chai: [ '6.2.2' ],
87 silly audit   'chart.js': [ '4.5.1' ],
87 silly audit   citty: [ '0.1.6', '0.2.1' ],
87 silly audit   confbox: [ '0.2.4' ],
87 silly audit   consola: [ '3.4.2' ],
87 silly audit   'content-disposition': [ '1.0.1' ],
87 silly audit   'content-type': [ '1.0.5' ],
87 silly audit   'convert-source-map': [ '2.0.0' ],
87 silly audit   cookie: [ '0.7.2' ],
87 silly audit   'cookie-signature': [ '1.2.2' ],
87 silly audit   cors: [ '2.8.6' ],
87 silly audit   'create-require': [ '1.1.1' ],
87 silly audit   'cross-spawn': [ '7.0.6' ],
87 silly audit   csstype: [ '3.2.3' ],
87 silly audit   debug: [ '4.4.3' ],
87 silly audit   deepmerge: [ '4.3.1' ],
87 silly audit   'deepmerge-ts': [ '7.1.5' ],
87 silly audit   defu: [ '6.1.6' ],
87 silly audit   denque: [ '2.1.0' ],
87 silly audit   depd: [ '2.0.0' ],
87 silly audit   destr: [ '2.0.5' ],
87 silly audit   'detect-libc': [ '2.1.2' ],
87 silly audit   diff: [ '4.0.4' ],
87 silly audit   'dom-serializer': [ '2.0.0' ],
87 silly audit   entities: [ '4.5.0', '7.0.1' ],
87 silly audit   domelementtype: [ '2.3.0' ],
87 silly audit   domhandler: [ '5.0.3' ],
87 silly audit   domutils: [ '3.2.2' ],
87 silly audit   'dunder-proto': [ '1.0.1' ],
87 silly audit   'ee-first': [ '1.1.1' ],
87 silly audit   effect: [ '3.20.0' ],
87 silly audit   empathic: [ '2.0.0' ],
87 silly audit   encodeurl: [ '2.0.0' ],
87 silly audit   'env-paths': [ '3.0.0' ],
87 silly audit   'es-define-property': [ '1.0.1' ],
87 silly audit   'es-errors': [ '1.3.0' ],
87 silly audit   'es-module-lexer': [ '2.0.0' ],
87 silly audit   'es-object-atoms': [ '1.1.1' ],
87 silly audit   'escape-html': [ '1.0.3' ],
87 silly audit   'escape-string-regexp': [ '4.0.0' ],
87 silly audit   'estree-walker': [ '3.0.3' ],
87 silly audit   etag: [ '1.8.1' ],
87 silly audit   'expect-type': [ '1.3.0' ],
87 silly audit   express: [ '5.2.1' ],
87 silly audit   'express-rate-limit': [ '8.3.1' ],
87 silly audit   exsolve: [ '1.0.8' ],
87 silly audit   'fast-check': [ '3.23.2' ],
87 silly audit   'fast-deep-equal': [ '3.1.3' ],
87 silly audit   'fast-uri': [ '3.1.0' ],
87 silly audit   'fill-range': [ '7.1.1' ],
87 silly audit   finalhandler: [ '2.1.1' ],
87 silly audit   'foreground-child': [ '3.3.1' ],
87 silly audit   forwarded: [ '0.2.0' ],
87 silly audit   fresh: [ '2.0.0' ],
87 silly audit   fsevents: [ '2.3.3' ],
87 silly audit   'function-bind': [ '1.1.2' ],
87 silly audit   'generate-function': [ '2.3.1' ],
87 silly audit   'get-intrinsic': [ '1.3.0' ],
87 silly audit   'get-port-please': [ '3.2.0' ],
87 silly audit   'get-proto': [ '1.0.1' ],
87 silly audit   giget: [ '2.0.0' ],
87 silly audit   'glob-parent': [ '5.1.2' ],
87 silly audit   gopd: [ '1.2.0' ],
87 silly audit   'graceful-fs': [ '4.2.11' ],
87 silly audit   grammex: [ '3.1.12' ],
87 silly audit   graphmatch: [ '1.1.1' ],
87 silly audit   'has-flag': [ '3.0.0' ],
87 silly audit   'has-symbols': [ '1.1.0' ],
87 silly audit   hasown: [ '2.0.2' ],
87 silly audit   helmet: [ '8.1.0' ],
87 silly audit   hono: [ '4.12.9' ],
87 silly audit   htmlparser2: [ '10.1.0' ],
87 silly audit   'http-errors': [ '2.0.1' ],
87 silly audit   'http-status-codes': [ '2.3.0' ],
87 silly audit   'iconv-lite': [ '0.7.2' ],
87 silly audit   'ignore-by-default': [ '1.0.1' ],
87 silly audit   inherits: [ '2.0.4' ],
87 silly audit   'ip-address': [ '10.1.0' ],
87 silly audit   'ipaddr.js': [ '1.9.1' ],
87 silly audit   'is-binary-path': [ '2.1.0' ],
87 silly audit   'is-extglob': [ '2.1.1' ],
87 silly audit   'is-glob': [ '4.0.3' ],
87 silly audit   'is-number': [ '7.0.0' ],
87 silly audit   'is-plain-object': [ '5.0.0' ],
87 silly audit   'is-promise': [ '4.0.0' ],
87 silly audit   'is-property': [ '1.0.2' ],
87 silly audit   isexe: [ '2.0.0' ],
87 silly audit   jiti: [ '2.6.1' ],
87 silly audit   'json-schema-traverse': [ '1.0.0' ],
87 silly audit   lightningcss: [ '1.32.0' ],
87 silly audit   'lightningcss-android-arm64': [ '1.32.0' ],
87 silly audit   'lightningcss-darwin-arm64': [ '1.32.0' ],
87 silly audit   'lightningcss-darwin-x64': [ '1.32.0' ],
87 silly audit   'lightningcss-freebsd-x64': [ '1.32.0' ],
87 silly audit   'lightningcss-linux-arm-gnueabihf': [ '1.32.0' ],
87 silly audit   'lightningcss-linux-arm64-gnu': [ '1.32.0' ],
87 silly audit   'lightningcss-linux-arm64-musl': [ '1.32.0' ],
87 silly audit   'lightningcss-linux-x64-gnu': [ '1.32.0' ],
87 silly audit   'lightningcss-linux-x64-musl': [ '1.32.0' ],
87 silly audit   'lightningcss-win32-arm64-msvc': [ '1.32.0' ],
87 silly audit   'lightningcss-win32-x64-msvc': [ '1.32.0' ],
87 silly audit   long: [ '5.3.2' ],
87 silly audit   'lru.min': [ '1.1.4' ],
87 silly audit   'magic-string': [ '0.30.21' ],
87 silly audit   'make-error': [ '1.3.6' ],
87 silly audit   'math-intrinsics': [ '1.1.0' ],
87 silly audit   'media-typer': [ '1.1.0' ],
87 silly audit   'merge-descriptors': [ '2.0.0' ],
87 silly audit   'mime-db': [ '1.54.0' ],
87 silly audit   'mime-types': [ '3.0.2' ],
87 silly audit   minimatch: [ '10.2.4' ],
87 silly audit   ms: [ '2.1.3' ],
87 silly audit   mysql2: [ '3.15.3' ],
87 silly audit   'named-placeholders': [ '1.1.6' ],
87 silly audit   nanoid: [ '3.3.11' ],
87 silly audit   negotiator: [ '1.0.0' ],
87 silly audit   'node-fetch-native': [ '1.6.7' ],
87 silly audit   nodemon: [ '3.1.14' ],
87 silly audit   'normalize-path': [ '3.0.0' ],
87 silly audit   nypm: [ '0.6.5' ],
87 silly audit   'object-assign': [ '4.1.1' ],
87 silly audit   'object-inspect': [ '1.13.4' ],
87 silly audit   obug: [ '2.1.1' ],
87 silly audit   ohash: [ '2.0.11' ],
87 silly audit   'on-finished': [ '2.4.1' ],
87 silly audit   once: [ '1.4.0' ],
87 silly audit   'parse-srcset': [ '1.0.2' ],
87 silly audit   parseurl: [ '1.3.3' ],
87 silly audit   'path-key': [ '3.1.1' ],
87 silly audit   'path-to-regexp': [ '8.4.2' ],
87 silly audit   pathe: [ '2.0.3' ],
87 silly audit   'perfect-debounce': [ '1.0.0' ],
87 silly audit   pg: [ '8.20.0' ],
87 silly audit   'pg-cloudflare': [ '1.3.0' ],
87 silly audit   'pg-connection-string': [ '2.12.0' ],
87 silly audit   'pg-int8': [ '1.0.1' ],
87 silly audit   'pg-pool': [ '3.13.0' ],
87 silly audit   'pg-protocol': [ '1.13.0' ],
87 silly audit   'pg-types': [ '2.2.0' ],
87 silly audit   'postgres-array': [ '2.0.0', '3.0.4' ],
87 silly audit   pgpass: [ '1.0.5' ],
87 silly audit   picocolors: [ '1.1.1' ],
87 silly audit   picomatch: [ '2.3.2', '4.0.4' ],
87 silly audit   'pkg-types': [ '2.3.0' ],
87 silly audit   postcss: [ '8.5.8' ],
87 silly audit   postgres: [ '3.4.7' ],
87 silly audit   'postgres-bytea': [ '1.0.1' ],
87 silly audit   'postgres-date': [ '1.0.7' ],
87 silly audit   'postgres-interval': [ '1.2.0' ],
87 silly audit   prisma: [ '7.6.0' ],
87 silly audit   'proper-lockfile': [ '4.1.2' ],
87 silly audit   'signal-exit': [ '3.0.7', '4.1.0' ],
87 silly audit   'proxy-addr': [ '2.0.7' ],
87 silly audit   'pstree.remy': [ '1.1.8' ],
87 silly audit   'pure-rand': [ '6.1.0' ],
87 silly audit   qs: [ '6.15.0' ],
87 silly audit   'range-parser': [ '1.2.1' ],
87 silly audit   'raw-body': [ '3.0.2' ],
87 silly audit   rc9: [ '2.1.2' ],
87 silly audit   react: [ '19.2.4' ],
87 silly audit   'react-dom': [ '19.2.4' ],
87 silly audit   remeda: [ '2.33.4' ],
87 silly audit   'require-from-string': [ '2.0.2' ],
87 silly audit   retry: [ '0.12.0' ],
87 silly audit   rolldown: [ '1.0.0-rc.12' ],
87 silly audit   router: [ '2.2.0' ],
87 silly audit   'safer-buffer': [ '2.1.2' ],
87 silly audit   'sanitize-html': [ '2.17.2' ],
87 silly audit   scheduler: [ '0.27.0' ],
87 silly audit   semver: [ '7.7.4' ],
87 silly audit   send: [ '1.2.1' ],
87 silly audit   'seq-queue': [ '0.0.5' ],
87 silly audit   'serve-static': [ '2.2.1' ],
87 silly audit   setprototypeof: [ '1.2.0' ],
87 silly audit   'shebang-command': [ '2.0.0' ],
87 silly audit   'shebang-regex': [ '3.0.0' ],
87 silly audit   'side-channel': [ '1.1.0' ],
87 silly audit   'side-channel-list': [ '1.0.0' ],
87 silly audit   'side-channel-map': [ '1.0.1' ],
87 silly audit   'side-channel-weakmap': [ '1.0.2' ],
87 silly audit   siginfo: [ '2.0.0' ],
87 silly audit   'simple-update-notifier': [ '2.0.0' ],
87 silly audit   sisteransi: [ '1.0.5' ],
87 silly audit   'source-map-js': [ '1.2.1' ],
87 silly audit   split2: [ '4.2.0' ],
87 silly audit   sqlstring: [ '2.3.3' ],
87 silly audit   stackback: [ '0.0.2' ],
87 silly audit   statuses: [ '2.0.2' ],
87 silly audit   'std-env': [ '3.10.0', '4.0.0' ],
87 silly audit   'supports-color': [ '5.5.0' ],
87 silly audit   tinybench: [ '2.9.0' ],
87 silly audit   tinyexec: [ '1.0.4' ],
87 silly audit   tinyglobby: [ '0.2.15' ],
87 silly audit   fdir: [ '6.5.0' ],
87 silly audit   tinyrainbow: [ '3.1.0' ],
87 silly audit   'to-regex-range': [ '5.0.1' ],
87 silly audit   toidentifier: [ '1.0.1' ],
87 silly audit   touch: [ '3.1.1' ],
87 silly audit   'ts-essentials': [ '10.1.1' ],
87 silly audit   'ts-node': [ '10.9.2' ],
87 silly audit   tslib: [ '2.8.1' ],
87 silly audit   'type-is': [ '2.0.1' ],
87 silly audit   typescript: [ '5.9.3' ],
87 silly audit   undefsafe: [ '2.0.5' ],
87 silly audit   'undici-types': [ '7.18.2' ],
87 silly audit   unpipe: [ '1.0.0' ],
87 silly audit   'v8-compile-cache-lib': [ '3.0.1' ],
87 silly audit   valibot: [ '1.2.0' ],
87 silly audit   vary: [ '1.1.2' ],
87 silly audit   vite: [ '8.0.3' ],
87 silly audit   vitest: [ '4.1.2' ],
87 silly audit   'vitest-mock-extended': [ '3.1.0' ],
87 silly audit   which: [ '2.0.2' ],
87 silly audit   'why-is-node-running': [ '2.3.0' ],
87 silly audit   wrappy: [ '1.0.2' ],
87 silly audit   xtend: [ '4.0.2' ],
87 silly audit   yn: [ '3.1.1' ],
87 silly audit   zeptomatch: [ '2.1.0' ],
87 silly audit   zod: [ '4.3.6' ],
87 silly audit   bcryptjs: [ '3.0.3' ],
87 silly audit   jsonwebtoken: [ '9.0.3' ],
87 silly audit   jws: [ '4.0.1' ],
87 silly audit   'lodash.includes': [ '4.3.0' ],
87 silly audit   'lodash.isboolean': [ '3.0.3' ],
87 silly audit   'lodash.isinteger': [ '4.0.4' ],
87 silly audit   'lodash.isnumber': [ '3.0.3' ],
87 silly audit   'lodash.isplainobject': [ '4.0.6' ],
87 silly audit   'lodash.isstring': [ '4.0.1' ],
87 silly audit   'lodash.once': [ '4.1.1' ],
87 silly audit   jwa: [ '2.0.1' ],
87 silly audit   'safe-buffer': [ '5.2.1' ],
87 silly audit   'buffer-equal-constant-time': [ '1.0.1' ],
87 silly audit   'ecdsa-sig-formatter': [ '1.0.11' ]
87 silly audit }
88 verbose reify failed optional dependency /Users/macbook/projects/lumina/backend/node_modules/lightningcss-win32-x64-msvc
89 silly reify mark deleted [
89 silly reify   '/Users/macbook/projects/lumina/backend/node_modules/lightningcss-win32-x64-msvc'
89 silly reify ]
90 verbose reify failed optional dependency /Users/macbook/projects/lumina/backend/node_modules/lightningcss-win32-arm64-msvc
91 silly reify mark deleted [
91 silly reify   '/Users/macbook/projects/lumina/backend/node_modules/lightningcss-win32-arm64-msvc'
91 silly reify ]
92 verbose reify failed optional dependency /Users/macbook/projects/lumina/backend/node_modules/lightningcss-linux-x64-musl
93 silly reify mark deleted [
93 silly reify   '/Users/macbook/projects/lumina/backend/node_modules/lightningcss-linux-x64-musl'
93 silly reify ]
94 verbose reify failed optional dependency /Users/macbook/projects/lumina/backend/node_modules/lightningcss-linux-x64-gnu
95 silly reify mark deleted [
95 silly reify   '/Users/macbook/projects/lumina/backend/node_modules/lightningcss-linux-x64-gnu'
95 silly reify ]
96 verbose reify failed optional dependency /Users/macbook/projects/lumina/backend/node_modules/lightningcss-linux-arm64-musl
97 silly reify mark deleted [
97 silly reify   '/Users/macbook/projects/lumina/backend/node_modules/lightningcss-linux-arm64-musl'
97 silly reify ]
98 verbose reify failed optional dependency /Users/macbook/projects/lumina/backend/node_modules/lightningcss-linux-arm64-gnu
99 silly reify mark deleted [
99 silly reify   '/Users/macbook/projects/lumina/backend/node_modules/lightningcss-linux-arm64-gnu'
99 silly reify ]
100 verbose reify failed optional dependency /Users/macbook/projects/lumina/backend/node_modules/lightningcss-linux-arm-gnueabihf
101 silly reify mark deleted [
101 silly reify   '/Users/macbook/projects/lumina/backend/node_modules/lightningcss-linux-arm-gnueabihf'
101 silly reify ]
102 verbose reify failed optional dependency /Users/macbook/projects/lumina/backend/node_modules/lightningcss-freebsd-x64
103 silly reify mark deleted [
103 silly reify   '/Users/macbook/projects/lumina/backend/node_modules/lightningcss-freebsd-x64'
103 silly reify ]
104 verbose reify failed optional dependency /Users/macbook/projects/lumina/backend/node_modules/lightningcss-darwin-x64
105 silly reify mark deleted [
105 silly reify   '/Users/macbook/projects/lumina/backend/node_modules/lightningcss-darwin-x64'
105 silly reify ]
106 verbose reify failed optional dependency /Users/macbook/projects/lumina/backend/node_modules/lightningcss-android-arm64
107 silly reify mark deleted [
107 silly reify   '/Users/macbook/projects/lumina/backend/node_modules/lightningcss-android-arm64'
107 silly reify ]
108 verbose reify failed optional dependency /Users/macbook/projects/lumina/backend/node_modules/@rolldown/binding-win32-x64-msvc
109 silly reify mark deleted [
109 silly reify   '/Users/macbook/projects/lumina/backend/node_modules/@rolldown/binding-win32-x64-msvc'
109 silly reify ]
110 verbose reify failed optional dependency /Users/macbook/projects/lumina/backend/node_modules/@rolldown/binding-win32-arm64-msvc
111 silly reify mark deleted [
111 silly reify   '/Users/macbook/projects/lumina/backend/node_modules/@rolldown/binding-win32-arm64-msvc'
111 silly reify ]
112 verbose reify failed optional dependency /Users/macbook/projects/lumina/backend/node_modules/@rolldown/binding-wasm32-wasi
113 silly reify mark deleted [
113 silly reify   '/Users/macbook/projects/lumina/backend/node_modules/@rolldown/binding-wasm32-wasi'
113 silly reify ]
114 verbose reify failed optional dependency /Users/macbook/projects/lumina/backend/node_modules/@napi-rs/wasm-runtime
115 silly reify mark deleted [
115 silly reify   '/Users/macbook/projects/lumina/backend/node_modules/@napi-rs/wasm-runtime'
115 silly reify ]
116 verbose reify failed optional dependency /Users/macbook/projects/lumina/backend/node_modules/@emnapi/core
117 silly reify mark deleted [ '/Users/macbook/projects/lumina/backend/node_modules/@emnapi/core' ]
118 verbose reify failed optional dependency /Users/macbook/projects/lumina/backend/node_modules/@emnapi/runtime
119 silly reify mark deleted [
119 silly reify   '/Users/macbook/projects/lumina/backend/node_modules/@emnapi/runtime'
119 silly reify ]
120 verbose reify failed optional dependency /Users/macbook/projects/lumina/backend/node_modules/@tybys/wasm-util
121 silly reify mark deleted [
121 silly reify   '/Users/macbook/projects/lumina/backend/node_modules/@tybys/wasm-util'
121 silly reify ]
122 verbose reify failed optional dependency /Users/macbook/projects/lumina/backend/node_modules/@emnapi/wasi-threads
123 silly reify mark deleted [
123 silly reify   '/Users/macbook/projects/lumina/backend/node_modules/@emnapi/wasi-threads'
123 silly reify ]
124 verbose reify failed optional dependency /Users/macbook/projects/lumina/backend/node_modules/tslib
125 silly reify mark deleted [ '/Users/macbook/projects/lumina/backend/node_modules/tslib' ]
126 verbose reify failed optional dependency /Users/macbook/projects/lumina/backend/node_modules/@rolldown/binding-openharmony-arm64
127 silly reify mark deleted [
127 silly reify   '/Users/macbook/projects/lumina/backend/node_modules/@rolldown/binding-openharmony-arm64'
127 silly reify ]
128 verbose reify failed optional dependency /Users/macbook/projects/lumina/backend/node_modules/@rolldown/binding-linux-x64-musl
129 silly reify mark deleted [
129 silly reify   '/Users/macbook/projects/lumina/backend/node_modules/@rolldown/binding-linux-x64-musl'
129 silly reify ]
130 verbose reify failed optional dependency /Users/macbook/projects/lumina/backend/node_modules/@rolldown/binding-linux-x64-gnu
131 silly reify mark deleted [
131 silly reify   '/Users/macbook/projects/lumina/backend/node_modules/@rolldown/binding-linux-x64-gnu'
131 silly reify ]
132 verbose reify failed optional dependency /Users/macbook/projects/lumina/backend/node_modules/@rolldown/binding-linux-s390x-gnu
133 silly reify mark deleted [
133 silly reify   '/Users/macbook/projects/lumina/backend/node_modules/@rolldown/binding-linux-s390x-gnu'
133 silly reify ]
134 verbose reify failed optional dependency /Users/macbook/projects/lumina/backend/node_modules/@rolldown/binding-linux-ppc64-gnu
135 silly reify mark deleted [
135 silly reify   '/Users/macbook/projects/lumina/backend/node_modules/@rolldown/binding-linux-ppc64-gnu'
135 silly reify ]
136 verbose reify failed optional dependency /Users/macbook/projects/lumina/backend/node_modules/@rolldown/binding-linux-arm64-musl
137 silly reify mark deleted [
137 silly reify   '/Users/macbook/projects/lumina/backend/node_modules/@rolldown/binding-linux-arm64-musl'
137 silly reify ]
138 verbose reify failed optional dependency /Users/macbook/projects/lumina/backend/node_modules/@rolldown/binding-linux-arm64-gnu
139 silly reify mark deleted [
139 silly reify   '/Users/macbook/projects/lumina/backend/node_modules/@rolldown/binding-linux-arm64-gnu'
139 silly reify ]
140 verbose reify failed optional dependency /Users/macbook/projects/lumina/backend/node_modules/@rolldown/binding-linux-arm-gnueabihf
141 silly reify mark deleted [
141 silly reify   '/Users/macbook/projects/lumina/backend/node_modules/@rolldown/binding-linux-arm-gnueabihf'
141 silly reify ]
142 verbose reify failed optional dependency /Users/macbook/projects/lumina/backend/node_modules/@rolldown/binding-freebsd-x64
143 silly reify mark deleted [
143 silly reify   '/Users/macbook/projects/lumina/backend/node_modules/@rolldown/binding-freebsd-x64'
143 silly reify ]
144 verbose reify failed optional dependency /Users/macbook/projects/lumina/backend/node_modules/@rolldown/binding-darwin-x64
145 silly reify mark deleted [
145 silly reify   '/Users/macbook/projects/lumina/backend/node_modules/@rolldown/binding-darwin-x64'
145 silly reify ]
146 verbose reify failed optional dependency /Users/macbook/projects/lumina/backend/node_modules/@rolldown/binding-android-arm64
147 silly reify mark deleted [
147 silly reify   '/Users/macbook/projects/lumina/backend/node_modules/@rolldown/binding-android-arm64'
147 silly reify ]
148 http cache ecdsa-sig-formatter@https://registry.npmjs.org/ecdsa-sig-formatter/-/ecdsa-sig-formatter-1.0.11.tgz 0ms (cache hit)
149 http cache buffer-equal-constant-time@https://registry.npmjs.org/buffer-equal-constant-time/-/buffer-equal-constant-time-1.0.1.tgz 0ms (cache hit)
150 http cache lodash.once@https://registry.npmjs.org/lodash.once/-/lodash.once-4.1.1.tgz 0ms (cache hit)
151 http cache safe-buffer@https://registry.npmjs.org/safe-buffer/-/safe-buffer-5.2.1.tgz 0ms (cache hit)
152 http cache lodash.isplainobject@https://registry.npmjs.org/lodash.isplainobject/-/lodash.isplainobject-4.0.6.tgz 0ms (cache hit)
153 http cache lodash.isstring@https://registry.npmjs.org/lodash.isstring/-/lodash.isstring-4.0.1.tgz 0ms (cache hit)
154 http cache lodash.isboolean@https://registry.npmjs.org/lodash.isboolean/-/lodash.isboolean-3.0.3.tgz 0ms (cache hit)
155 http cache lodash.includes@https://registry.npmjs.org/lodash.includes/-/lodash.includes-4.3.0.tgz 0ms (cache hit)
156 http cache lodash.isinteger@https://registry.npmjs.org/lodash.isinteger/-/lodash.isinteger-4.0.4.tgz 0ms (cache hit)
157 http cache jwa@https://registry.npmjs.org/jwa/-/jwa-2.0.1.tgz 0ms (cache hit)
158 http cache lodash.isnumber@https://registry.npmjs.org/lodash.isnumber/-/lodash.isnumber-3.0.3.tgz 0ms (cache hit)
159 http cache jws@https://registry.npmjs.org/jws/-/jws-4.0.1.tgz 0ms (cache hit)
160 http cache bcryptjs@https://registry.npmjs.org/bcryptjs/-/bcryptjs-3.0.3.tgz 0ms (cache hit)
161 http cache tslib@https://registry.npmjs.org/tslib/-/tslib-2.8.1.tgz 0ms (cache hit)
162 http cache @tybys/wasm-util@https://registry.npmjs.org/@tybys/wasm-util/-/wasm-util-0.10.1.tgz 0ms (cache hit)
163 http cache @emnapi/wasi-threads@https://registry.npmjs.org/@emnapi/wasi-threads/-/wasi-threads-1.2.0.tgz 0ms (cache hit)
164 http cache @emnapi/runtime@https://registry.npmjs.org/@emnapi/runtime/-/runtime-1.9.1.tgz 0ms (cache hit)
165 http cache jsonwebtoken@https://registry.npmjs.org/jsonwebtoken/-/jsonwebtoken-9.0.3.tgz 0ms (cache hit)
166 silly tarball no local data for ecdsa-sig-formatter@https://registry.npmjs.org/ecdsa-sig-formatter/-/ecdsa-sig-formatter-1.0.11.tgz. Extracting by manifest.
167 silly tarball no local data for buffer-equal-constant-time@https://registry.npmjs.org/buffer-equal-constant-time/-/buffer-equal-constant-time-1.0.1.tgz. Extracting by manifest.
168 silly tarball no local data for lodash.once@https://registry.npmjs.org/lodash.once/-/lodash.once-4.1.1.tgz. Extracting by manifest.
169 http cache @napi-rs/wasm-runtime@https://registry.npmjs.org/@napi-rs/wasm-runtime/-/wasm-runtime-1.1.1.tgz 0ms (cache hit)
170 silly tarball no local data for safe-buffer@https://registry.npmjs.org/safe-buffer/-/safe-buffer-5.2.1.tgz. Extracting by manifest.
171 http cache @emnapi/core@https://registry.npmjs.org/@emnapi/core/-/core-1.9.1.tgz 0ms (cache hit)
172 silly tarball no local data for lodash.isplainobject@https://registry.npmjs.org/lodash.isplainobject/-/lodash.isplainobject-4.0.6.tgz. Extracting by manifest.
173 silly tarball no local data for lodash.isstring@https://registry.npmjs.org/lodash.isstring/-/lodash.isstring-4.0.1.tgz. Extracting by manifest.
174 silly tarball no local data for lodash.isboolean@https://registry.npmjs.org/lodash.isboolean/-/lodash.isboolean-3.0.3.tgz. Extracting by manifest.
175 silly tarball no local data for lodash.includes@https://registry.npmjs.org/lodash.includes/-/lodash.includes-4.3.0.tgz. Extracting by manifest.
176 silly tarball no local data for lodash.isinteger@https://registry.npmjs.org/lodash.isinteger/-/lodash.isinteger-4.0.4.tgz. Extracting by manifest.
177 silly tarball no local data for jwa@https://registry.npmjs.org/jwa/-/jwa-2.0.1.tgz. Extracting by manifest.
178 silly tarball no local data for lodash.isnumber@https://registry.npmjs.org/lodash.isnumber/-/lodash.isnumber-3.0.3.tgz. Extracting by manifest.
179 silly tarball no local data for jws@https://registry.npmjs.org/jws/-/jws-4.0.1.tgz. Extracting by manifest.
180 silly tarball no local data for bcryptjs@https://registry.npmjs.org/bcryptjs/-/bcryptjs-3.0.3.tgz. Extracting by manifest.
181 silly tarball no local data for tslib@https://registry.npmjs.org/tslib/-/tslib-2.8.1.tgz. Extracting by manifest.
182 silly tarball no local data for @tybys/wasm-util@https://registry.npmjs.org/@tybys/wasm-util/-/wasm-util-0.10.1.tgz. Extracting by manifest.
183 silly tarball no local data for @emnapi/wasi-threads@https://registry.npmjs.org/@emnapi/wasi-threads/-/wasi-threads-1.2.0.tgz. Extracting by manifest.
184 silly tarball no local data for @emnapi/runtime@https://registry.npmjs.org/@emnapi/runtime/-/runtime-1.9.1.tgz. Extracting by manifest.
185 silly tarball no local data for jsonwebtoken@https://registry.npmjs.org/jsonwebtoken/-/jsonwebtoken-9.0.3.tgz. Extracting by manifest.
186 silly tarball no local data for @napi-rs/wasm-runtime@https://registry.npmjs.org/@napi-rs/wasm-runtime/-/wasm-runtime-1.1.1.tgz. Extracting by manifest.
187 silly tarball no local data for @emnapi/core@https://registry.npmjs.org/@emnapi/core/-/core-1.9.1.tgz. Extracting by manifest.
188 http fetch GET 200 https://registry.npmjs.org/safe-buffer/-/safe-buffer-5.2.1.tgz 69ms (cache miss)
189 http fetch GET 200 https://registry.npmjs.org/lodash.isstring/-/lodash.isstring-4.0.1.tgz 69ms (cache miss)
190 http fetch GET 200 https://registry.npmjs.org/lodash.isplainobject/-/lodash.isplainobject-4.0.6.tgz 69ms (cache miss)
191 http fetch GET 200 https://registry.npmjs.org/ecdsa-sig-formatter/-/ecdsa-sig-formatter-1.0.11.tgz 70ms (cache miss)
192 http fetch GET 200 https://registry.npmjs.org/buffer-equal-constant-time/-/buffer-equal-constant-time-1.0.1.tgz 70ms (cache miss)
193 http fetch GET 200 https://registry.npmjs.org/lodash.once/-/lodash.once-4.1.1.tgz 70ms (cache miss)
194 http fetch GET 200 https://registry.npmjs.org/jsonwebtoken/-/jsonwebtoken-9.0.3.tgz 101ms (cache miss)
195 http fetch GET 200 https://registry.npmjs.org/@emnapi/wasi-threads/-/wasi-threads-1.2.0.tgz 109ms (cache miss)
196 http fetch GET 200 https://registry.npmjs.org/lodash.isboolean/-/lodash.isboolean-3.0.3.tgz 125ms (cache miss)
197 http fetch GET 200 https://registry.npmjs.org/lodash.isnumber/-/lodash.isnumber-3.0.3.tgz 126ms (cache miss)
198 http fetch GET 200 https://registry.npmjs.org/jwa/-/jwa-2.0.1.tgz 131ms (cache miss)
199 http fetch GET 200 https://registry.npmjs.org/lodash.isinteger/-/lodash.isinteger-4.0.4.tgz 138ms (cache miss)
200 http fetch GET 200 https://registry.npmjs.org/jws/-/jws-4.0.1.tgz 139ms (cache miss)
201 http fetch GET 200 https://registry.npmjs.org/bcryptjs/-/bcryptjs-3.0.3.tgz 141ms (cache miss)
202 http fetch GET 200 https://registry.npmjs.org/tslib/-/tslib-2.8.1.tgz 141ms (cache miss)
203 http fetch GET 200 https://registry.npmjs.org/@tybys/wasm-util/-/wasm-util-0.10.1.tgz 142ms (cache miss)
204 http fetch GET 200 https://registry.npmjs.org/lodash.includes/-/lodash.includes-4.3.0.tgz 145ms (cache miss)
205 http fetch GET 200 https://registry.npmjs.org/@napi-rs/wasm-runtime/-/wasm-runtime-1.1.1.tgz 170ms (cache miss)
206 http fetch POST 200 https://registry.npmjs.org/-/npm/v1/security/advisories/bulk 235ms
207 silly audit report {
207 silly audit report   '@hono/node-server': [
207 silly audit report     {
207 silly audit report       id: 1116281,
207 silly audit report       url: 'https://github.com/advisories/GHSA-92pp-h63x-v22m',
207 silly audit report       title: '@hono/node-server: Middleware bypass via repeated slashes in serveStatic',
207 silly audit report       severity: 'moderate',
207 silly audit report       vulnerable_versions: '<1.19.13',
207 silly audit report       cwe: [Array],
207 silly audit report       cvss: [Object]
207 silly audit report     }
207 silly audit report   ],
207 silly audit report   hono: [
207 silly audit report     {
207 silly audit report       id: 1116244,
207 silly audit report       url: 'https://github.com/advisories/GHSA-26pp-8wgv-hjvm',
207 silly audit report       title: 'Hono missing validation of cookie name on write path in setCookie()',
207 silly audit report       severity: 'moderate',
207 silly audit report       vulnerable_versions: '<4.12.12',
207 silly audit report       cwe: [Array],
207 silly audit report       cvss: [Object]
207 silly audit report     },
207 silly audit report     {
207 silly audit report       id: 1116277,
207 silly audit report       url: 'https://github.com/advisories/GHSA-r5rp-j6wh-rvv4',
207 silly audit report       title: 'Hono: Non-breaking space prefix bypass in cookie name handling in getCookie()',
207 silly audit report       severity: 'moderate',
207 silly audit report       vulnerable_versions: '<4.12.12',
207 silly audit report       cwe: [Array],
207 silly audit report       cvss: [Object]
207 silly audit report     },
207 silly audit report     {
207 silly audit report       id: 1116278,
207 silly audit report       url: 'https://github.com/advisories/GHSA-xpcf-pg52-r92g',
207 silly audit report       title: 'Hono has incorrect IP matching in ipRestriction() for IPv4-mapped IPv6 addresses',
207 silly audit report       severity: 'moderate',
207 silly audit report       vulnerable_versions: '<4.12.12',
207 silly audit report       cwe: [Array],
207 silly audit report       cvss: [Object]
207 silly audit report     },
207 silly audit report     {
207 silly audit report       id: 1116279,
207 silly audit report       url: 'https://github.com/advisories/GHSA-xf4j-xp2r-rqqx',
207 silly audit report       title: 'Hono: Path traversal in toSSG() allows writing files outside the output directory',
207 silly audit report       severity: 'moderate',
207 silly audit report       vulnerable_versions: '>=4.0.0 <=4.12.11',
207 silly audit report       cwe: [Array],
207 silly audit report       cvss: [Object]
207 silly audit report     },
207 silly audit report     {
207 silly audit report       id: 1116280,
207 silly audit report       url: 'https://github.com/advisories/GHSA-wmmm-f939-6g9c',
207 silly audit report       title: 'Hono: Middleware bypass via repeated slashes in serveStatic',
207 silly audit report       severity: 'moderate',
207 silly audit report       vulnerable_versions: '<4.12.12',
207 silly audit report       cwe: [Array],
207 silly audit report       cvss: [Object]
207 silly audit report     }
207 silly audit report   ],
207 silly audit report   vite: [
207 silly audit report     {
207 silly audit report       id: 1116231,
207 silly audit report       url: 'https://github.com/advisories/GHSA-4w7w-66w2-5vf9',
207 silly audit report       title: 'Vite Vulnerable to Path Traversal in Optimized Deps `.map` Handling',
207 silly audit report       severity: 'moderate',
207 silly audit report       vulnerable_versions: '>=8.0.0 <=8.0.4',
207 silly audit report       cwe: [Array],
207 silly audit report       cvss: [Object]
207 silly audit report     },
207 silly audit report     {
207 silly audit report       id: 1116233,
207 silly audit report       url: 'https://github.com/advisories/GHSA-v2wj-q39q-566r',
207 silly audit report       title: 'Vite: `server.fs.deny` bypassed with queries',
207 silly audit report       severity: 'high',
207 silly audit report       vulnerable_versions: '>=8.0.0 <=8.0.4',
207 silly audit report       cwe: [Array],
207 silly audit report       cvss: [Object]
207 silly audit report     },
207 silly audit report     {
207 silly audit report       id: 1116236,
207 silly audit report       url: 'https://github.com/advisories/GHSA-p9ff-h696-f583',
207 silly audit report       title: 'Vite Vulnerable to Arbitrary File Read via Vite Dev Server WebSocket',
207 silly audit report       severity: 'high',
207 silly audit report       vulnerable_versions: '>=8.0.0 <=8.0.4',
207 silly audit report       cwe: [Array],
207 silly audit report       cvss: [Object]
207 silly audit report     }
207 silly audit report   ]
207 silly audit report }
208 silly packumentCache corgi:https://registry.npmjs.org/@hono%2fnode-server cache-miss
209 silly packumentCache corgi:https://registry.npmjs.org/hono cache-miss
210 silly packumentCache corgi:https://registry.npmjs.org/vite cache-miss
211 http fetch GET 200 https://registry.npmjs.org/@hono%2fnode-server 75ms (cache miss)
212 silly packumentCache corgi:https://registry.npmjs.org/@hono%2fnode-server set size:undefined disposed:false
213 http fetch GET 200 https://registry.npmjs.org/hono 83ms (cache miss)
214 silly packumentCache corgi:https://registry.npmjs.org/hono set size:undefined disposed:false
215 http fetch GET 200 https://registry.npmjs.org/vite 118ms (cache miss)
216 silly packumentCache corgi:https://registry.npmjs.org/vite set size:undefined disposed:false
217 http fetch GET 200 https://registry.npmjs.org/@emnapi/core/-/core-1.9.1.tgz 372ms (cache miss)
218 silly packumentCache corgi:https://registry.npmjs.org/@prisma%2fdev cache-miss
219 http fetch GET 200 https://registry.npmjs.org/@emnapi/runtime/-/runtime-1.9.1.tgz 787ms (cache miss)
220 http fetch GET 200 https://registry.npmjs.org/@prisma%2fdev 745ms (cache miss)
221 silly packumentCache corgi:https://registry.npmjs.org/@prisma%2fdev set size:undefined disposed:false
222 silly packumentCache corgi:https://registry.npmjs.org/@vitest%2fmocker cache-miss
223 silly packumentCache corgi:https://registry.npmjs.org/vitest cache-miss
224 http fetch GET 200 https://registry.npmjs.org/vitest 70ms (cache miss)
225 silly packumentCache corgi:https://registry.npmjs.org/vitest set size:undefined disposed:false
226 http fetch GET 200 https://registry.npmjs.org/@vitest%2fmocker 259ms (cache miss)
227 silly packumentCache corgi:https://registry.npmjs.org/@vitest%2fmocker set size:undefined disposed:false
228 silly packumentCache corgi:https://registry.npmjs.org/prisma cache-miss
229 http fetch GET 200 https://registry.npmjs.org/prisma 407ms (cache miss)
230 silly packumentCache corgi:https://registry.npmjs.org/prisma set size:undefined disposed:false
231 silly packumentCache corgi:https://registry.npmjs.org/@prisma%2fclient cache-miss
232 http fetch GET 200 https://registry.npmjs.org/@prisma%2fclient 1436ms (cache miss)
233 silly packumentCache corgi:https://registry.npmjs.org/@prisma%2fclient set size:undefined disposed:false
234 silly ADD node_modules/ecdsa-sig-formatter
235 silly ADD node_modules/buffer-equal-constant-time
236 silly ADD node_modules/safe-buffer
237 silly ADD node_modules/jwa
238 silly ADD node_modules/lodash.once
239 silly ADD node_modules/lodash.isstring
240 silly ADD node_modules/lodash.isplainobject
241 silly ADD node_modules/lodash.isnumber
242 silly ADD node_modules/lodash.isinteger
243 silly ADD node_modules/lodash.isboolean
244 silly ADD node_modules/lodash.includes
245 silly ADD node_modules/jws
246 silly ADD node_modules/jsonwebtoken
247 silly ADD node_modules/bcryptjs
248 silly ADD
249 silly ADD
250 silly ADD
251 silly ADD
252 silly ADD
253 silly ADD
254 silly ADD
255 silly ADD
256 silly ADD
257 silly ADD
258 silly ADD
259 silly ADD
260 silly ADD
261 silly ADD
262 silly ADD
263 silly ADD
264 silly ADD
265 silly ADD
266 silly ADD
267 silly ADD
268 silly ADD
269 silly ADD
270 silly ADD
271 silly ADD
272 silly ADD
273 silly ADD
274 silly ADD
275 silly ADD
276 silly ADD
277 silly ADD
278 verbose cwd /Users/macbook/projects/lumina/backend
279 verbose os Darwin 25.4.0
280 verbose node v22.16.0
281 verbose npm  v10.9.2
282 notice
282 notice New [31mmajor[39m version of npm available! [31m10.9.2[39m -> [34m11.12.1[39m
282 notice Changelog: [34mhttps://github.com/npm/cli/releases/tag/v11.12.1[39m
282 notice To update run: [4mnpm install -g npm@11.12.1[24m
282 notice  { force: true, [Symbol(proc-log.meta)]: true }
283 verbose exit 0
284 info ok
