0 verbose cli /usr/local/bin/node /usr/local/bin/npm
1 info using npm@10.9.2
2 info using node@v22.16.0
3 silly config load:file:/usr/local/lib/node_modules/npm/npmrc
4 silly config load:file:/Users/macbook/projects/lumina/backend/.npmrc
5 silly config load:file:/Users/macbook/.npmrc
6 silly config load:file:/usr/local/etc/npmrc
7 verbose title npm install @types/bcryptjs @types/jsonwebtoken
8 verbose argv "install" "--save-dev" "@types/bcryptjs" "@types/jsonwebtoken" "--cache" "./.npm-cache"
9 verbose logfile logs-max:10 dir:/Users/macbook/projects/lumina/backend/.npm-cache/_logs/2026-04-11T11_22_52_680Z-
10 verbose logfile /Users/macbook/projects/lumina/backend/.npm-cache/_logs/2026-04-11T11_22_52_680Z-debug-0.log
11 silly logfile done cleaning log files
12 silly packumentCache heap:2197815296 maxSize:549453824 maxEntrySize:274726912
13 silly idealTree buildDeps
14 silly fetch manifest @types/bcryptjs@*
15 silly packumentCache full:https://registry.npmjs.org/@types%2fbcryptjs cache-miss
16 http fetch GET 200 https://registry.npmjs.org/@types%2fbcryptjs 673ms (cache miss)
17 silly packumentCache full:https://registry.npmjs.org/@types%2fbcryptjs set size:undefined disposed:false
18 silly fetch manifest @types/jsonwebtoken@*
19 silly packumentCache full:https://registry.npmjs.org/@types%2fjsonwebtoken cache-miss
20 http fetch GET 200 https://registry.npmjs.org/@types%2fjsonwebtoken 56ms (cache miss)
21 silly packumentCache full:https://registry.npmjs.org/@types%2fjsonwebtoken set size:undefined disposed:false
22 silly placeDep ROOT @types/bcryptjs@2.4.6 OK for: backend@1.0.0 want: *
23 silly placeDep ROOT @types/jsonwebtoken@9.0.10 OK for: backend@1.0.0 want: *
24 silly fetch manifest @types/ms@*
25 silly packumentCache full:https://registry.npmjs.org/@types%2fms cache-miss
26 http fetch GET 200 https://registry.npmjs.org/@types%2fms 72ms (cache miss)
27 silly packumentCache full:https://registry.npmjs.org/@types%2fms set size:undefined disposed:false
28 silly placeDep ROOT @types/ms@2.1.0 OK for: @types/jsonwebtoken@9.0.10 want: *
29 silly reify moves {}
30 silly audit bulk request {
30 silly audit   '@clack/core': [ '0.5.0' ],
30 silly audit   '@clack/prompts': [ '0.11.0' ],
30 silly audit   '@cspotcode/source-map-support': [ '0.8.1' ],
30 silly audit   '@electric-sql/pglite': [ '0.4.1' ],
30 silly audit   '@electric-sql/pglite-socket': [ '0.1.1' ],
30 silly audit   '@electric-sql/pglite-tools': [ '0.3.1' ],
30 silly audit   '@emnapi/core': [ '1.9.1' ],
30 silly audit   '@emnapi/runtime': [ '1.9.1' ],
30 silly audit   '@emnapi/wasi-threads': [ '1.2.0' ],
30 silly audit   '@hono/node-server': [ '1.19.11' ],
30 silly audit   '@jridgewell/resolve-uri': [ '3.1.2' ],
30 silly audit   '@jridgewell/sourcemap-codec': [ '1.5.5' ],
30 silly audit   '@jridgewell/trace-mapping': [ '0.3.9' ],
30 silly audit   '@kurkle/color': [ '0.3.4' ],
30 silly audit   '@napi-rs/wasm-runtime': [ '1.1.1' ],
30 silly audit   '@oxc-project/types': [ '0.122.0' ],
30 silly audit   '@prisma/adapter-pg': [ '7.6.0' ],
30 silly audit   '@prisma/client': [ '7.6.0' ],
30 silly audit   '@prisma/client-runtime-utils': [ '7.6.0' ],
30 silly audit   '@prisma/config': [ '7.6.0' ],
30 silly audit   '@prisma/debug': [ '7.6.0', '7.2.0' ],
30 silly audit   '@prisma/dev': [ '0.24.3' ],
30 silly audit   '@prisma/driver-adapter-utils': [ '7.6.0' ],
30 silly audit   '@prisma/engines': [ '7.6.0' ],
30 silly audit   '@prisma/engines-version': [ '7.6.0-1.75cbdc1eb7150937890ad5465d861175c6624711' ],
30 silly audit   '@prisma/get-platform': [ '7.6.0', '7.2.0' ],
30 silly audit   '@prisma/fetch-engine': [ '7.6.0' ],
30 silly audit   '@prisma/query-plan-executor': [ '7.2.0' ],
30 silly audit   '@prisma/streams-local': [ '0.1.2' ],
30 silly audit   '@prisma/studio-core': [ '0.27.3' ],
30 silly audit   '@radix-ui/primitive': [ '1.1.3' ],
30 silly audit   '@radix-ui/react-compose-refs': [ '1.1.2' ],
30 silly audit   '@radix-ui/react-primitive': [ '2.1.3' ],
30 silly audit   '@radix-ui/react-slot': [ '1.2.3' ],
30 silly audit   '@radix-ui/react-toggle': [ '1.1.10' ],
30 silly audit   '@radix-ui/react-use-controllable-state': [ '1.2.2' ],
30 silly audit   '@radix-ui/react-use-effect-event': [ '0.0.2' ],
30 silly audit   '@radix-ui/react-use-layout-effect': [ '1.1.1' ],
30 silly audit   '@rolldown/binding-android-arm64': [ '1.0.0-rc.12' ],
30 silly audit   '@rolldown/binding-darwin-arm64': [ '1.0.0-rc.12' ],
30 silly audit   '@rolldown/binding-darwin-x64': [ '1.0.0-rc.12' ],
30 silly audit   '@rolldown/binding-freebsd-x64': [ '1.0.0-rc.12' ],
30 silly audit   '@rolldown/binding-linux-arm-gnueabihf': [ '1.0.0-rc.12' ],
30 silly audit   '@rolldown/binding-linux-arm64-gnu': [ '1.0.0-rc.12' ],
30 silly audit   '@rolldown/binding-linux-arm64-musl': [ '1.0.0-rc.12' ],
30 silly audit   '@rolldown/binding-linux-ppc64-gnu': [ '1.0.0-rc.12' ],
30 silly audit   '@rolldown/binding-linux-s390x-gnu': [ '1.0.0-rc.12' ],
30 silly audit   '@rolldown/binding-linux-x64-gnu': [ '1.0.0-rc.12' ],
30 silly audit   '@rolldown/binding-linux-x64-musl': [ '1.0.0-rc.12' ],
30 silly audit   '@rolldown/binding-openharmony-arm64': [ '1.0.0-rc.12' ],
30 silly audit   '@rolldown/binding-wasm32-wasi': [ '1.0.0-rc.12' ],
30 silly audit   '@rolldown/binding-win32-arm64-msvc': [ '1.0.0-rc.12' ],
30 silly audit   '@rolldown/binding-win32-x64-msvc': [ '1.0.0-rc.12' ],
30 silly audit   '@rolldown/pluginutils': [ '1.0.0-rc.12' ],
30 silly audit   '@standard-schema/spec': [ '1.1.0' ],
30 silly audit   '@tsconfig/node10': [ '1.0.12' ],
30 silly audit   '@tsconfig/node12': [ '1.0.11' ],
30 silly audit   '@tsconfig/node14': [ '1.0.3' ],
30 silly audit   '@tsconfig/node16': [ '1.0.4' ],
30 silly audit   '@tybys/wasm-util': [ '0.10.1' ],
30 silly audit   '@types/body-parser': [ '1.19.6' ],
30 silly audit   '@types/chai': [ '5.2.3' ],
30 silly audit   '@types/connect': [ '3.4.38' ],
30 silly audit   '@types/cors': [ '2.8.19' ],
30 silly audit   '@types/deep-eql': [ '4.0.2' ],
30 silly audit   '@types/estree': [ '1.0.8' ],
30 silly audit   '@types/express': [ '5.0.6' ],
30 silly audit   '@types/express-serve-static-core': [ '5.1.1' ],
30 silly audit   '@types/http-errors': [ '2.0.5' ],
30 silly audit   '@types/node': [ '25.5.2' ],
30 silly audit   '@types/pg': [ '8.20.0' ],
30 silly audit   '@types/qs': [ '6.15.0' ],
30 silly audit   '@types/range-parser': [ '1.2.7' ],
30 silly audit   '@types/react': [ '19.2.14' ],
30 silly audit   '@types/sanitize-html': [ '2.16.1' ],
30 silly audit   '@types/send': [ '1.2.1' ],
30 silly audit   '@types/serve-static': [ '2.2.0' ],
30 silly audit   '@vitest/expect': [ '4.1.2' ],
30 silly audit   '@vitest/mocker': [ '4.1.2' ],
30 silly audit   '@vitest/pretty-format': [ '4.1.2' ],
30 silly audit   '@vitest/runner': [ '4.1.2' ],
30 silly audit   '@vitest/snapshot': [ '4.1.2' ],
30 silly audit   '@vitest/spy': [ '4.1.2' ],
30 silly audit   '@vitest/utils': [ '4.1.2' ],
30 silly audit   accepts: [ '2.0.0' ],
30 silly audit   acorn: [ '8.16.0' ],
30 silly audit   'acorn-walk': [ '8.3.5' ],
30 silly audit   ajv: [ '8.18.0' ],
30 silly audit   anymatch: [ '3.1.3' ],
30 silly audit   arg: [ '4.1.3' ],
30 silly audit   'assertion-error': [ '2.0.1' ],
30 silly audit   'aws-ssl-profiles': [ '1.1.2' ],
30 silly audit   'balanced-match': [ '4.0.4' ],
30 silly audit   bcryptjs: [ '3.0.3' ],
30 silly audit   'better-result': [ '2.7.0' ],
30 silly audit   'binary-extensions': [ '2.3.0' ],
30 silly audit   'body-parser': [ '2.2.2' ],
30 silly audit   'brace-expansion': [ '5.0.5' ],
30 silly audit   braces: [ '3.0.3' ],
30 silly audit   'buffer-equal-constant-time': [ '1.0.1' ],
30 silly audit   bytes: [ '3.1.2' ],
30 silly audit   c12: [ '3.1.0' ],
30 silly audit   chokidar: [ '4.0.3', '3.6.0' ],
30 silly audit   dotenv: [ '16.6.1', '17.4.1' ],
30 silly audit   readdirp: [ '4.1.2', '3.6.0' ],
30 silly audit   'call-bind-apply-helpers': [ '1.0.2' ],
30 silly audit   'call-bound': [ '1.0.4' ],
30 silly audit   chai: [ '6.2.2' ],
30 silly audit   'chart.js': [ '4.5.1' ],
30 silly audit   citty: [ '0.1.6', '0.2.1' ],
30 silly audit   confbox: [ '0.2.4' ],
30 silly audit   consola: [ '3.4.2' ],
30 silly audit   'content-disposition': [ '1.0.1' ],
30 silly audit   'content-type': [ '1.0.5' ],
30 silly audit   'convert-source-map': [ '2.0.0' ],
30 silly audit   cookie: [ '0.7.2' ],
30 silly audit   'cookie-signature': [ '1.2.2' ],
30 silly audit   cors: [ '2.8.6' ],
30 silly audit   'create-require': [ '1.1.1' ],
30 silly audit   'cross-spawn': [ '7.0.6' ],
30 silly audit   csstype: [ '3.2.3' ],
30 silly audit   debug: [ '4.4.3' ],
30 silly audit   deepmerge: [ '4.3.1' ],
30 silly audit   'deepmerge-ts': [ '7.1.5' ],
30 silly audit   defu: [ '6.1.6' ],
30 silly audit   denque: [ '2.1.0' ],
30 silly audit   depd: [ '2.0.0' ],
30 silly audit   destr: [ '2.0.5' ],
30 silly audit   'detect-libc': [ '2.1.2' ],
30 silly audit   diff: [ '4.0.4' ],
30 silly audit   'dom-serializer': [ '2.0.0' ],
30 silly audit   entities: [ '4.5.0', '7.0.1' ],
30 silly audit   domelementtype: [ '2.3.0' ],
30 silly audit   domhandler: [ '5.0.3' ],
30 silly audit   domutils: [ '3.2.2' ],
30 silly audit   'dunder-proto': [ '1.0.1' ],
30 silly audit   'ecdsa-sig-formatter': [ '1.0.11' ],
30 silly audit   'ee-first': [ '1.1.1' ],
30 silly audit   effect: [ '3.20.0' ],
30 silly audit   empathic: [ '2.0.0' ],
30 silly audit   encodeurl: [ '2.0.0' ],
30 silly audit   'env-paths': [ '3.0.0' ],
30 silly audit   'es-define-property': [ '1.0.1' ],
30 silly audit   'es-errors': [ '1.3.0' ],
30 silly audit   'es-module-lexer': [ '2.0.0' ],
30 silly audit   'es-object-atoms': [ '1.1.1' ],
30 silly audit   'escape-html': [ '1.0.3' ],
30 silly audit   'escape-string-regexp': [ '4.0.0' ],
30 silly audit   'estree-walker': [ '3.0.3' ],
30 silly audit   etag: [ '1.8.1' ],
30 silly audit   'expect-type': [ '1.3.0' ],
30 silly audit   express: [ '5.2.1' ],
30 silly audit   'express-rate-limit': [ '8.3.1' ],
30 silly audit   exsolve: [ '1.0.8' ],
30 silly audit   'fast-check': [ '3.23.2' ],
30 silly audit   'fast-deep-equal': [ '3.1.3' ],
30 silly audit   'fast-uri': [ '3.1.0' ],
30 silly audit   'fill-range': [ '7.1.1' ],
30 silly audit   finalhandler: [ '2.1.1' ],
30 silly audit   'foreground-child': [ '3.3.1' ],
30 silly audit   forwarded: [ '0.2.0' ],
30 silly audit   fresh: [ '2.0.0' ],
30 silly audit   fsevents: [ '2.3.3' ],
30 silly audit   'function-bind': [ '1.1.2' ],
30 silly audit   'generate-function': [ '2.3.1' ],
30 silly audit   'get-intrinsic': [ '1.3.0' ],
30 silly audit   'get-port-please': [ '3.2.0' ],
30 silly audit   'get-proto': [ '1.0.1' ],
30 silly audit   giget: [ '2.0.0' ],
30 silly audit   'glob-parent': [ '5.1.2' ],
30 silly audit   gopd: [ '1.2.0' ],
30 silly audit   'graceful-fs': [ '4.2.11' ],
30 silly audit   grammex: [ '3.1.12' ],
30 silly audit   graphmatch: [ '1.1.1' ],
30 silly audit   'has-flag': [ '3.0.0' ],
30 silly audit   'has-symbols': [ '1.1.0' ],
30 silly audit   hasown: [ '2.0.2' ],
30 silly audit   helmet: [ '8.1.0' ],
30 silly audit   hono: [ '4.12.9' ],
30 silly audit   htmlparser2: [ '10.1.0' ],
30 silly audit   'http-errors': [ '2.0.1' ],
30 silly audit   'http-status-codes': [ '2.3.0' ],
30 silly audit   'iconv-lite': [ '0.7.2' ],
30 silly audit   'ignore-by-default': [ '1.0.1' ],
30 silly audit   inherits: [ '2.0.4' ],
30 silly audit   'ip-address': [ '10.1.0' ],
30 silly audit   'ipaddr.js': [ '1.9.1' ],
30 silly audit   'is-binary-path': [ '2.1.0' ],
30 silly audit   'is-extglob': [ '2.1.1' ],
30 silly audit   'is-glob': [ '4.0.3' ],
30 silly audit   'is-number': [ '7.0.0' ],
30 silly audit   'is-plain-object': [ '5.0.0' ],
30 silly audit   'is-promise': [ '4.0.0' ],
30 silly audit   'is-property': [ '1.0.2' ],
30 silly audit   isexe: [ '2.0.0' ],
30 silly audit   jiti: [ '2.6.1' ],
30 silly audit   'json-schema-traverse': [ '1.0.0' ],
30 silly audit   jsonwebtoken: [ '9.0.3' ],
30 silly audit   jwa: [ '2.0.1' ],
30 silly audit   jws: [ '4.0.1' ],
30 silly audit   lightningcss: [ '1.32.0' ],
30 silly audit   'lightningcss-android-arm64': [ '1.32.0' ],
30 silly audit   'lightningcss-darwin-arm64': [ '1.32.0' ],
30 silly audit   'lightningcss-darwin-x64': [ '1.32.0' ],
30 silly audit   'lightningcss-freebsd-x64': [ '1.32.0' ],
30 silly audit   'lightningcss-linux-arm-gnueabihf': [ '1.32.0' ],
30 silly audit   'lightningcss-linux-arm64-gnu': [ '1.32.0' ],
30 silly audit   'lightningcss-linux-arm64-musl': [ '1.32.0' ],
30 silly audit   'lightningcss-linux-x64-gnu': [ '1.32.0' ],
30 silly audit   'lightningcss-linux-x64-musl': [ '1.32.0' ],
30 silly audit   'lightningcss-win32-arm64-msvc': [ '1.32.0' ],
30 silly audit   'lightningcss-win32-x64-msvc': [ '1.32.0' ],
30 silly audit   'lodash.includes': [ '4.3.0' ],
30 silly audit   'lodash.isboolean': [ '3.0.3' ],
30 silly audit   'lodash.isinteger': [ '4.0.4' ],
30 silly audit   'lodash.isnumber': [ '3.0.3' ],
30 silly audit   'lodash.isplainobject': [ '4.0.6' ],
30 silly audit   'lodash.isstring': [ '4.0.1' ],
30 silly audit   'lodash.once': [ '4.1.1' ],
30 silly audit   long: [ '5.3.2' ],
30 silly audit   'lru.min': [ '1.1.4' ],
30 silly audit   'magic-string': [ '0.30.21' ],
30 silly audit   'make-error': [ '1.3.6' ],
30 silly audit   'math-intrinsics': [ '1.1.0' ],
30 silly audit   'media-typer': [ '1.1.0' ],
30 silly audit   'merge-descriptors': [ '2.0.0' ],
30 silly audit   'mime-db': [ '1.54.0' ],
30 silly audit   'mime-types': [ '3.0.2' ],
30 silly audit   minimatch: [ '10.2.4' ],
30 silly audit   ms: [ '2.1.3' ],
30 silly audit   mysql2: [ '3.15.3' ],
30 silly audit   'named-placeholders': [ '1.1.6' ],
30 silly audit   nanoid: [ '3.3.11' ],
30 silly audit   negotiator: [ '1.0.0' ],
30 silly audit   'node-fetch-native': [ '1.6.7' ],
30 silly audit   nodemon: [ '3.1.14' ],
30 silly audit   'normalize-path': [ '3.0.0' ],
30 silly audit   nypm: [ '0.6.5' ],
30 silly audit   'object-assign': [ '4.1.1' ],
30 silly audit   'object-inspect': [ '1.13.4' ],
30 silly audit   obug: [ '2.1.1' ],
30 silly audit   ohash: [ '2.0.11' ],
30 silly audit   'on-finished': [ '2.4.1' ],
30 silly audit   once: [ '1.4.0' ],
30 silly audit   'parse-srcset': [ '1.0.2' ],
30 silly audit   parseurl: [ '1.3.3' ],
30 silly audit   'path-key': [ '3.1.1' ],
30 silly audit   'path-to-regexp': [ '8.4.2' ],
30 silly audit   pathe: [ '2.0.3' ],
30 silly audit   'perfect-debounce': [ '1.0.0' ],
30 silly audit   pg: [ '8.20.0' ],
30 silly audit   'pg-cloudflare': [ '1.3.0' ],
30 silly audit   'pg-connection-string': [ '2.12.0' ],
30 silly audit   'pg-int8': [ '1.0.1' ],
30 silly audit   'pg-pool': [ '3.13.0' ],
30 silly audit   'pg-protocol': [ '1.13.0' ],
30 silly audit   'pg-types': [ '2.2.0' ],
30 silly audit   'postgres-array': [ '2.0.0', '3.0.4' ],
30 silly audit   pgpass: [ '1.0.5' ],
30 silly audit   picocolors: [ '1.1.1' ],
30 silly audit   picomatch: [ '2.3.2', '4.0.4' ],
30 silly audit   'pkg-types': [ '2.3.0' ],
30 silly audit   postcss: [ '8.5.8' ],
30 silly audit   postgres: [ '3.4.7' ],
30 silly audit   'postgres-bytea': [ '1.0.1' ],
30 silly audit   'postgres-date': [ '1.0.7' ],
30 silly audit   'postgres-interval': [ '1.2.0' ],
30 silly audit   prisma: [ '7.6.0' ],
30 silly audit   'proper-lockfile': [ '4.1.2' ],
30 silly audit   'signal-exit': [ '3.0.7', '4.1.0' ],
30 silly audit   'proxy-addr': [ '2.0.7' ],
30 silly audit   'pstree.remy': [ '1.1.8' ],
30 silly audit   'pure-rand': [ '6.1.0' ],
30 silly audit   qs: [ '6.15.0' ],
30 silly audit   'range-parser': [ '1.2.1' ],
30 silly audit   'raw-body': [ '3.0.2' ],
30 silly audit   rc9: [ '2.1.2' ],
30 silly audit   react: [ '19.2.4' ],
30 silly audit   'react-dom': [ '19.2.4' ],
30 silly audit   remeda: [ '2.33.4' ],
30 silly audit   'require-from-string': [ '2.0.2' ],
30 silly audit   retry: [ '0.12.0' ],
30 silly audit   rolldown: [ '1.0.0-rc.12' ],
30 silly audit   router: [ '2.2.0' ],
30 silly audit   'safe-buffer': [ '5.2.1' ],
30 silly audit   'safer-buffer': [ '2.1.2' ],
30 silly audit   'sanitize-html': [ '2.17.2' ],
30 silly audit   scheduler: [ '0.27.0' ],
30 silly audit   semver: [ '7.7.4' ],
30 silly audit   send: [ '1.2.1' ],
30 silly audit   'seq-queue': [ '0.0.5' ],
30 silly audit   'serve-static': [ '2.2.1' ],
30 silly audit   setprototypeof: [ '1.2.0' ],
30 silly audit   'shebang-command': [ '2.0.0' ],
30 silly audit   'shebang-regex': [ '3.0.0' ],
30 silly audit   'side-channel': [ '1.1.0' ],
30 silly audit   'side-channel-list': [ '1.0.0' ],
30 silly audit   'side-channel-map': [ '1.0.1' ],
30 silly audit   'side-channel-weakmap': [ '1.0.2' ],
30 silly audit   siginfo: [ '2.0.0' ],
30 silly audit   'simple-update-notifier': [ '2.0.0' ],
30 silly audit   sisteransi: [ '1.0.5' ],
30 silly audit   'source-map-js': [ '1.2.1' ],
30 silly audit   split2: [ '4.2.0' ],
30 silly audit   sqlstring: [ '2.3.3' ],
30 silly audit   stackback: [ '0.0.2' ],
30 silly audit   statuses: [ '2.0.2' ],
30 silly audit   'std-env': [ '3.10.0', '4.0.0' ],
30 silly audit   'supports-color': [ '5.5.0' ],
30 silly audit   tinybench: [ '2.9.0' ],
30 silly audit   tinyexec: [ '1.0.4' ],
30 silly audit   tinyglobby: [ '0.2.15' ],
30 silly audit   fdir: [ '6.5.0' ],
30 silly audit   tinyrainbow: [ '3.1.0' ],
30 silly audit   'to-regex-range': [ '5.0.1' ],
30 silly audit   toidentifier: [ '1.0.1' ],
30 silly audit   touch: [ '3.1.1' ],
30 silly audit   'ts-essentials': [ '10.1.1' ],
30 silly audit   'ts-node': [ '10.9.2' ],
30 silly audit   tslib: [ '2.8.1' ],
30 silly audit   'type-is': [ '2.0.1' ],
30 silly audit   typescript: [ '5.9.3' ],
30 silly audit   undefsafe: [ '2.0.5' ],
30 silly audit   'undici-types': [ '7.18.2' ],
30 silly audit   unpipe: [ '1.0.0' ],
30 silly audit   'v8-compile-cache-lib': [ '3.0.1' ],
30 silly audit   valibot: [ '1.2.0' ],
30 silly audit   vary: [ '1.1.2' ],
30 silly audit   vite: [ '8.0.3' ],
30 silly audit   vitest: [ '4.1.2' ],
30 silly audit   'vitest-mock-extended': [ '3.1.0' ],
30 silly audit   which: [ '2.0.2' ],
30 silly audit   'why-is-node-running': [ '2.3.0' ],
30 silly audit   wrappy: [ '1.0.2' ],
30 silly audit   xtend: [ '4.0.2' ],
30 silly audit   yn: [ '3.1.1' ],
30 silly audit   zeptomatch: [ '2.1.0' ],
30 silly audit   zod: [ '4.3.6' ],
30 silly audit   '@types/bcryptjs': [ '2.4.6' ],
30 silly audit   '@types/jsonwebtoken': [ '9.0.10' ],
30 silly audit   '@types/ms': [ '2.1.0' ]
30 silly audit }
31 verbose reify failed optional dependency /Users/macbook/projects/lumina/backend/node_modules/lightningcss-win32-x64-msvc
32 silly reify mark deleted [
32 silly reify   '/Users/macbook/projects/lumina/backend/node_modules/lightningcss-win32-x64-msvc'
32 silly reify ]
33 verbose reify failed optional dependency /Users/macbook/projects/lumina/backend/node_modules/lightningcss-win32-arm64-msvc
34 silly reify mark deleted [
34 silly reify   '/Users/macbook/projects/lumina/backend/node_modules/lightningcss-win32-arm64-msvc'
34 silly reify ]
35 verbose reify failed optional dependency /Users/macbook/projects/lumina/backend/node_modules/lightningcss-linux-x64-musl
36 silly reify mark deleted [
36 silly reify   '/Users/macbook/projects/lumina/backend/node_modules/lightningcss-linux-x64-musl'
36 silly reify ]
37 verbose reify failed optional dependency /Users/macbook/projects/lumina/backend/node_modules/lightningcss-linux-x64-gnu
38 silly reify mark deleted [
38 silly reify   '/Users/macbook/projects/lumina/backend/node_modules/lightningcss-linux-x64-gnu'
38 silly reify ]
39 verbose reify failed optional dependency /Users/macbook/projects/lumina/backend/node_modules/lightningcss-linux-arm64-musl
40 silly reify mark deleted [
40 silly reify   '/Users/macbook/projects/lumina/backend/node_modules/lightningcss-linux-arm64-musl'
40 silly reify ]
41 verbose reify failed optional dependency /Users/macbook/projects/lumina/backend/node_modules/lightningcss-linux-arm64-gnu
42 silly reify mark deleted [
42 silly reify   '/Users/macbook/projects/lumina/backend/node_modules/lightningcss-linux-arm64-gnu'
42 silly reify ]
43 verbose reify failed optional dependency /Users/macbook/projects/lumina/backend/node_modules/lightningcss-linux-arm-gnueabihf
44 silly reify mark deleted [
44 silly reify   '/Users/macbook/projects/lumina/backend/node_modules/lightningcss-linux-arm-gnueabihf'
44 silly reify ]
45 verbose reify failed optional dependency /Users/macbook/projects/lumina/backend/node_modules/lightningcss-freebsd-x64
46 silly reify mark deleted [
46 silly reify   '/Users/macbook/projects/lumina/backend/node_modules/lightningcss-freebsd-x64'
46 silly reify ]
47 verbose reify failed optional dependency /Users/macbook/projects/lumina/backend/node_modules/lightningcss-darwin-x64
48 silly reify mark deleted [
48 silly reify   '/Users/macbook/projects/lumina/backend/node_modules/lightningcss-darwin-x64'
48 silly reify ]
49 verbose reify failed optional dependency /Users/macbook/projects/lumina/backend/node_modules/lightningcss-android-arm64
50 silly reify mark deleted [
50 silly reify   '/Users/macbook/projects/lumina/backend/node_modules/lightningcss-android-arm64'
50 silly reify ]
51 verbose reify failed optional dependency /Users/macbook/projects/lumina/backend/node_modules/@rolldown/binding-win32-x64-msvc
52 silly reify mark deleted [
52 silly reify   '/Users/macbook/projects/lumina/backend/node_modules/@rolldown/binding-win32-x64-msvc'
52 silly reify ]
53 verbose reify failed optional dependency /Users/macbook/projects/lumina/backend/node_modules/@rolldown/binding-win32-arm64-msvc
54 silly reify mark deleted [
54 silly reify   '/Users/macbook/projects/lumina/backend/node_modules/@rolldown/binding-win32-arm64-msvc'
54 silly reify ]
55 verbose reify failed optional dependency /Users/macbook/projects/lumina/backend/node_modules/@rolldown/binding-wasm32-wasi
56 silly reify mark deleted [
56 silly reify   '/Users/macbook/projects/lumina/backend/node_modules/@rolldown/binding-wasm32-wasi'
56 silly reify ]
57 verbose reify failed optional dependency /Users/macbook/projects/lumina/backend/node_modules/@napi-rs/wasm-runtime
58 silly reify mark deleted [
58 silly reify   '/Users/macbook/projects/lumina/backend/node_modules/@napi-rs/wasm-runtime'
58 silly reify ]
59 verbose reify failed optional dependency /Users/macbook/projects/lumina/backend/node_modules/@emnapi/core
60 silly reify mark deleted [ '/Users/macbook/projects/lumina/backend/node_modules/@emnapi/core' ]
61 verbose reify failed optional dependency /Users/macbook/projects/lumina/backend/node_modules/@emnapi/runtime
62 silly reify mark deleted [
62 silly reify   '/Users/macbook/projects/lumina/backend/node_modules/@emnapi/runtime'
62 silly reify ]
63 verbose reify failed optional dependency /Users/macbook/projects/lumina/backend/node_modules/@tybys/wasm-util
64 silly reify mark deleted [
64 silly reify   '/Users/macbook/projects/lumina/backend/node_modules/@tybys/wasm-util'
64 silly reify ]
65 verbose reify failed optional dependency /Users/macbook/projects/lumina/backend/node_modules/@emnapi/wasi-threads
66 silly reify mark deleted [
66 silly reify   '/Users/macbook/projects/lumina/backend/node_modules/@emnapi/wasi-threads'
66 silly reify ]
67 verbose reify failed optional dependency /Users/macbook/projects/lumina/backend/node_modules/tslib
68 silly reify mark deleted [ '/Users/macbook/projects/lumina/backend/node_modules/tslib' ]
69 verbose reify failed optional dependency /Users/macbook/projects/lumina/backend/node_modules/@rolldown/binding-openharmony-arm64
70 silly reify mark deleted [
70 silly reify   '/Users/macbook/projects/lumina/backend/node_modules/@rolldown/binding-openharmony-arm64'
70 silly reify ]
71 verbose reify failed optional dependency /Users/macbook/projects/lumina/backend/node_modules/@rolldown/binding-linux-x64-musl
72 silly reify mark deleted [
72 silly reify   '/Users/macbook/projects/lumina/backend/node_modules/@rolldown/binding-linux-x64-musl'
72 silly reify ]
73 verbose reify failed optional dependency /Users/macbook/projects/lumina/backend/node_modules/@rolldown/binding-linux-x64-gnu
74 silly reify mark deleted [
74 silly reify   '/Users/macbook/projects/lumina/backend/node_modules/@rolldown/binding-linux-x64-gnu'
74 silly reify ]
75 verbose reify failed optional dependency /Users/macbook/projects/lumina/backend/node_modules/@rolldown/binding-linux-s390x-gnu
76 silly reify mark deleted [
76 silly reify   '/Users/macbook/projects/lumina/backend/node_modules/@rolldown/binding-linux-s390x-gnu'
76 silly reify ]
77 verbose reify failed optional dependency /Users/macbook/projects/lumina/backend/node_modules/@rolldown/binding-linux-ppc64-gnu
78 silly reify mark deleted [
78 silly reify   '/Users/macbook/projects/lumina/backend/node_modules/@rolldown/binding-linux-ppc64-gnu'
78 silly reify ]
79 verbose reify failed optional dependency /Users/macbook/projects/lumina/backend/node_modules/@rolldown/binding-linux-arm64-musl
80 silly reify mark deleted [
80 silly reify   '/Users/macbook/projects/lumina/backend/node_modules/@rolldown/binding-linux-arm64-musl'
80 silly reify ]
81 verbose reify failed optional dependency /Users/macbook/projects/lumina/backend/node_modules/@rolldown/binding-linux-arm64-gnu
82 silly reify mark deleted [
82 silly reify   '/Users/macbook/projects/lumina/backend/node_modules/@rolldown/binding-linux-arm64-gnu'
82 silly reify ]
83 verbose reify failed optional dependency /Users/macbook/projects/lumina/backend/node_modules/@rolldown/binding-linux-arm-gnueabihf
84 silly reify mark deleted [
84 silly reify   '/Users/macbook/projects/lumina/backend/node_modules/@rolldown/binding-linux-arm-gnueabihf'
84 silly reify ]
85 verbose reify failed optional dependency /Users/macbook/projects/lumina/backend/node_modules/@rolldown/binding-freebsd-x64
86 silly reify mark deleted [
86 silly reify   '/Users/macbook/projects/lumina/backend/node_modules/@rolldown/binding-freebsd-x64'
86 silly reify ]
87 verbose reify failed optional dependency /Users/macbook/projects/lumina/backend/node_modules/@rolldown/binding-darwin-x64
88 silly reify mark deleted [
88 silly reify   '/Users/macbook/projects/lumina/backend/node_modules/@rolldown/binding-darwin-x64'
88 silly reify ]
89 verbose reify failed optional dependency /Users/macbook/projects/lumina/backend/node_modules/@rolldown/binding-android-arm64
90 silly reify mark deleted [
90 silly reify   '/Users/macbook/projects/lumina/backend/node_modules/@rolldown/binding-android-arm64'
90 silly reify ]
91 http cache @types/ms@https://registry.npmjs.org/@types/ms/-/ms-2.1.0.tgz 1ms (cache hit)
92 http cache tslib@https://registry.npmjs.org/tslib/-/tslib-2.8.1.tgz 0ms (cache hit)
93 http cache @types/jsonwebtoken@https://registry.npmjs.org/@types/jsonwebtoken/-/jsonwebtoken-9.0.10.tgz 0ms (cache hit)
94 http cache @tybys/wasm-util@https://registry.npmjs.org/@tybys/wasm-util/-/wasm-util-0.10.1.tgz 0ms (cache hit)
95 http cache @napi-rs/wasm-runtime@https://registry.npmjs.org/@napi-rs/wasm-runtime/-/wasm-runtime-1.1.1.tgz 0ms (cache hit)
96 http cache @emnapi/wasi-threads@https://registry.npmjs.org/@emnapi/wasi-threads/-/wasi-threads-1.2.0.tgz 0ms (cache hit)
97 http cache @emnapi/runtime@https://registry.npmjs.org/@emnapi/runtime/-/runtime-1.9.1.tgz 0ms (cache hit)
98 http cache @emnapi/core@https://registry.npmjs.org/@emnapi/core/-/core-1.9.1.tgz 0ms (cache hit)
99 http cache @types/bcryptjs@https://registry.npmjs.org/@types/bcryptjs/-/bcryptjs-2.4.6.tgz 0ms (cache hit)
100 silly tarball no local data for @types/ms@https://registry.npmjs.org/@types/ms/-/ms-2.1.0.tgz. Extracting by manifest.
101 silly tarball no local data for @types/jsonwebtoken@https://registry.npmjs.org/@types/jsonwebtoken/-/jsonwebtoken-9.0.10.tgz. Extracting by manifest.
102 silly tarball no local data for @types/bcryptjs@https://registry.npmjs.org/@types/bcryptjs/-/bcryptjs-2.4.6.tgz. Extracting by manifest.
103 http fetch GET 200 https://registry.npmjs.org/@types/ms/-/ms-2.1.0.tgz 130ms (cache miss)
104 http fetch GET 200 https://registry.npmjs.org/@types/jsonwebtoken/-/jsonwebtoken-9.0.10.tgz 130ms (cache miss)
105 http fetch GET 200 https://registry.npmjs.org/@types/bcryptjs/-/bcryptjs-2.4.6.tgz 130ms (cache miss)
106 http fetch POST 200 https://registry.npmjs.org/-/npm/v1/security/advisories/bulk 240ms
107 silly audit report {
107 silly audit report   '@hono/node-server': [
107 silly audit report     {
107 silly audit report       id: 1116281,
107 silly audit report       url: 'https://github.com/advisories/GHSA-92pp-h63x-v22m',
107 silly audit report       title: '@hono/node-server: Middleware bypass via repeated slashes in serveStatic',
107 silly audit report       severity: 'moderate',
107 silly audit report       vulnerable_versions: '<1.19.13',
107 silly audit report       cwe: [Array],
107 silly audit report       cvss: [Object]
107 silly audit report     }
107 silly audit report   ],
107 silly audit report   hono: [
107 silly audit report     {
107 silly audit report       id: 1116244,
107 silly audit report       url: 'https://github.com/advisories/GHSA-26pp-8wgv-hjvm',
107 silly audit report       title: 'Hono missing validation of cookie name on write path in setCookie()',
107 silly audit report       severity: 'moderate',
107 silly audit report       vulnerable_versions: '<4.12.12',
107 silly audit report       cwe: [Array],
107 silly audit report       cvss: [Object]
107 silly audit report     },
107 silly audit report     {
107 silly audit report       id: 1116277,
107 silly audit report       url: 'https://github.com/advisories/GHSA-r5rp-j6wh-rvv4',
107 silly audit report       title: 'Hono: Non-breaking space prefix bypass in cookie name handling in getCookie()',
107 silly audit report       severity: 'moderate',
107 silly audit report       vulnerable_versions: '<4.12.12',
107 silly audit report       cwe: [Array],
107 silly audit report       cvss: [Object]
107 silly audit report     },
107 silly audit report     {
107 silly audit report       id: 1116278,
107 silly audit report       url: 'https://github.com/advisories/GHSA-xpcf-pg52-r92g',
107 silly audit report       title: 'Hono has incorrect IP matching in ipRestriction() for IPv4-mapped IPv6 addresses',
107 silly audit report       severity: 'moderate',
107 silly audit report       vulnerable_versions: '<4.12.12',
107 silly audit report       cwe: [Array],
107 silly audit report       cvss: [Object]
107 silly audit report     },
107 silly audit report     {
107 silly audit report       id: 1116279,
107 silly audit report       url: 'https://github.com/advisories/GHSA-xf4j-xp2r-rqqx',
107 silly audit report       title: 'Hono: Path traversal in toSSG() allows writing files outside the output directory',
107 silly audit report       severity: 'moderate',
107 silly audit report       vulnerable_versions: '>=4.0.0 <=4.12.11',
107 silly audit report       cwe: [Array],
107 silly audit report       cvss: [Object]
107 silly audit report     },
107 silly audit report     {
107 silly audit report       id: 1116280,
107 silly audit report       url: 'https://github.com/advisories/GHSA-wmmm-f939-6g9c',
107 silly audit report       title: 'Hono: Middleware bypass via repeated slashes in serveStatic',
107 silly audit report       severity: 'moderate',
107 silly audit report       vulnerable_versions: '<4.12.12',
107 silly audit report       cwe: [Array],
107 silly audit report       cvss: [Object]
107 silly audit report     }
107 silly audit report   ],
107 silly audit report   vite: [
107 silly audit report     {
107 silly audit report       id: 1116231,
107 silly audit report       url: 'https://github.com/advisories/GHSA-4w7w-66w2-5vf9',
107 silly audit report       title: 'Vite Vulnerable to Path Traversal in Optimized Deps `.map` Handling',
107 silly audit report       severity: 'moderate',
107 silly audit report       vulnerable_versions: '>=8.0.0 <=8.0.4',
107 silly audit report       cwe: [Array],
107 silly audit report       cvss: [Object]
107 silly audit report     },
107 silly audit report     {
107 silly audit report       id: 1116233,
107 silly audit report       url: 'https://github.com/advisories/GHSA-v2wj-q39q-566r',
107 silly audit report       title: 'Vite: `server.fs.deny` bypassed with queries',
107 silly audit report       severity: 'high',
107 silly audit report       vulnerable_versions: '>=8.0.0 <=8.0.4',
107 silly audit report       cwe: [Array],
107 silly audit report       cvss: [Object]
107 silly audit report     },
107 silly audit report     {
107 silly audit report       id: 1116236,
107 silly audit report       url: 'https://github.com/advisories/GHSA-p9ff-h696-f583',
107 silly audit report       title: 'Vite Vulnerable to Arbitrary File Read via Vite Dev Server WebSocket',
107 silly audit report       severity: 'high',
107 silly audit report       vulnerable_versions: '>=8.0.0 <=8.0.4',
107 silly audit report       cwe: [Array],
107 silly audit report       cvss: [Object]
107 silly audit report     }
107 silly audit report   ]
107 silly audit report }
108 silly packumentCache corgi:https://registry.npmjs.org/@hono%2fnode-server cache-miss
109 silly packumentCache corgi:https://registry.npmjs.org/hono cache-miss
110 silly packumentCache corgi:https://registry.npmjs.org/vite cache-miss
111 http cache https://registry.npmjs.org/@hono%2fnode-server 7ms (cache hit)
112 silly packumentCache corgi:https://registry.npmjs.org/@hono%2fnode-server set size:84452 disposed:false
113 http cache https://registry.npmjs.org/hono 9ms (cache hit)
114 silly packumentCache corgi:https://registry.npmjs.org/hono set size:685516 disposed:false
115 http cache https://registry.npmjs.org/vite 18ms (cache hit)
116 silly packumentCache corgi:https://registry.npmjs.org/vite set size:2229030 disposed:false
117 silly packumentCache corgi:https://registry.npmjs.org/@prisma%2fdev cache-miss
118 http cache https://registry.npmjs.org/@prisma%2fdev 2ms (cache hit)
119 silly packumentCache corgi:https://registry.npmjs.org/@prisma%2fdev set size:959256 disposed:false
120 silly packumentCache corgi:https://registry.npmjs.org/@vitest%2fmocker cache-miss
121 silly packumentCache corgi:https://registry.npmjs.org/vitest cache-miss
122 http cache https://registry.npmjs.org/@vitest%2fmocker 2ms (cache hit)
123 silly packumentCache corgi:https://registry.npmjs.org/@vitest%2fmocker set size:103916 disposed:false
124 http cache https://registry.npmjs.org/vitest 6ms (cache hit)
125 silly packumentCache corgi:https://registry.npmjs.org/vitest set size:1218651 disposed:false
126 silly packumentCache corgi:https://registry.npmjs.org/prisma cache-miss
127 http cache https://registry.npmjs.org/prisma 26ms (cache hit)
128 silly packumentCache corgi:https://registry.npmjs.org/prisma set size:22769242 disposed:false
129 silly packumentCache corgi:https://registry.npmjs.org/@prisma%2fclient cache-miss
130 http cache https://registry.npmjs.org/@prisma%2fclient 126ms (cache hit)
131 silly packumentCache corgi:https://registry.npmjs.org/@prisma%2fclient set size:37741727 disposed:false
132 silly ADD node_modules/@types/ms
133 silly ADD node_modules/@types/jsonwebtoken
134 silly ADD node_modules/@types/bcryptjs
135 silly ADD
136 silly ADD
137 silly ADD
138 silly ADD
139 silly ADD
140 silly ADD
141 silly ADD
142 silly ADD
143 silly ADD
144 silly ADD
145 silly ADD
146 silly ADD
147 silly ADD
148 silly ADD
149 silly ADD
150 silly ADD
151 silly ADD
152 silly ADD
153 silly ADD
154 silly ADD
155 silly ADD
156 silly ADD
157 silly ADD
158 silly ADD
159 silly ADD
160 silly ADD
161 silly ADD
162 silly ADD
163 silly ADD
164 silly ADD
165 verbose cwd /Users/macbook/projects/lumina/backend
166 verbose os Darwin 25.4.0
167 verbose node v22.16.0
168 verbose npm  v10.9.2
169 verbose exit 0
170 info ok
